// Jest Snapshot v1, https://goo.gl/fbAQLP

exports[`DetectDevicesStep renders 1`] = `
<AndroidSetupSpinnerLayout
  deps={
    Object {
      "LinkComponent": null,
      "androidSetupActionCreator": null,
      "androidSetupStepComponentProvider": null,
      "windowFrameActionCreator": null,
      "windowStateActionCreator": null,
    }
  }
  spinnerLabel="Scanning for devices..."
/>
`;
