// Jest Snapshot v1, https://goo.gl/fbAQLP

exports[`AssessmentTestView assessment view, isScanning is false 1`] = `
"<Fragment>
  <ScanIncompleteWarning deps={{...}} warnings={[undefined]} warningConfiguration={{...}} test={-1} />
  <FlaggedComponent enableJSXElement={{...}} disableJSXElement={{...}} featureFlag=\\"reflowUI\\" featureFlagStoreData={{...}} />
</Fragment>"
`;

exports[`AssessmentTestView assessment view, isScanning is true 1`] = `
"<Fragment>
  <ScanIncompleteWarning deps={{...}} warnings={[undefined]} warningConfiguration={{...}} test={-1} />
  <FlaggedComponent enableJSXElement={{...}} disableJSXElement={{...}} featureFlag=\\"reflowUI\\" featureFlagStoreData={{...}} />
</Fragment>"
`;
